[  6%] Building CXX object CMakeFiles/opiqo-gtk2.dir/src/gtk2/SettingsDialog.cpp.o
[ 13%] Building CXX object CMakeFiles/opiqo-gtk2.dir/src/LiveEffectEngine.cpp.o
[ 20%] Building CXX object CMakeFiles/opiqo-gtk2.dir/src/FileWriter.cpp.o
[ 26%] Building CXX object CMakeFiles/opiqo-gtk2.dir/src/LockFreeQueue.cpp.o
[ 33%] Linking CXX executable opiqo-gtk2
[100%] Built target opiqo-gtk2
